// Jest Snapshot v1, https://goo.gl/fbAQLP

exports[`selected image The photoviewer component has not changed 1`] = `
<div
  className="ViewerContainer"
>
  <img
    className="ViewerSize"
    src="https://i.picsum.photos/id/600/1600/900.jpg"
  />
</div>
`;
